// Jest Snapshot v1, https://goo.gl/fbAQLP

exports[`[Container] Index renders correctly 1`] = `
<DocumentFragment>
  .c11 {
  border: none;
  color: #111;
  cursor: pointer;
  font-size: 1.5rem;
  padding: 12px 28px;
  border-radius: 64px;
  font-family: abel,sans-serif;
  -webkit-transition: background-color 300ms ease-out,color 300ms ease-out;
  transition: background-color 300ms ease-out,color 300ms ease-out;
  background-color: #f38d9f;
}

.c11 > a {
  color: inherit;
  -webkit-text-decoration: none;
  text-decoration: none;
}

.c11:hover {
  color: #111;
  background-color: #FFBCC4;
}

.c11:disabled {
  cursor: not-allowed;
  background-color: #FFBCC4;
}

.c22 {
  border: none;
  color: #FFF;
  cursor: pointer;
  font-size: 1.5rem;
  padding: 12px 28px;
  border-radius: 64px;
  font-family: abel,sans-serif;
  -webkit-transition: background-color 300ms ease-out,color 300ms ease-out;
  transition: background-color 300ms ease-out,color 300ms ease-out;
  background-color: #4f6be6;
}

.c22 > a {
  color: inherit;
  -webkit-text-decoration: none;
  text-decoration: none;
}

.c22:hover {
  color: #FFF;
}

.c22:disabled {
  cursor: not-allowed;
  background-color: #9BAAF6;
}

.c27 {
  -webkit-text-decoration: none;
  text-decoration: none;
  text-align: center;
  border: none;
  color: #FFF;
  cursor: pointer;
  font-size: 1.25em;
  padding: 0.5em 1.25em;
  border-radius: 3em;
  font-family: abel,sans-serif;
  -webkit-transition: all 300ms ease-out;
  transition: all 300ms ease-out;
  background-color: #027aa8;
}

.c27:hover {
  background-color: #003f57;
}

.c27:disabled {
  background-color: #003f57;
}

.c34 {
  -webkit-text-decoration: none;
  text-decoration: none;
  text-align: center;
  border: none;
  color: #FFF;
  cursor: pointer;
  font-size: 1.25em;
  padding: 0.5em 1.25em;
  border-radius: 3em;
  font-family: abel,sans-serif;
  -webkit-transition: all 300ms ease-out;
  transition: all 300ms ease-out;
  background-color: #4f6be6;
}

.c34:hover {
  color: #000;
  background-color: #9BAAF6;
}

.c34:disabled {
  background-color: #9BAAF6;
}

.c17 {
  font-size: 2em;
  font-weight: 400;
  color: #4f6be6;
}

.c19 {
  line-height: 1.75em;
  text-align: center;
}

.c24 {
  margin: 4em 0;
  margin: 0 4em;
}

.c13 {
  border: none;
  padding-top: 48px;
  padding-bottom: 28px;
}

.c43 {
  background-color: #4f6be6;
}

.c48 {
  display: grid;
  max-width: 400px;
  padding: 1em;
  margin: 0 auto;
  text-align: center;
  -webkit-align-items: center;
  -webkit-box-align: center;
  -ms-flex-align: center;
  align-items: center;
  justify-items: center;
  grid-template-columns: 1fr 1fr 1fr 1fr;
}

.c48 > * {
  color: white;
  -webkit-transition: all 300ms;
  transition: all 300ms;
}

.c48 > *:hover {
  cursor: pointer;
}

.c48 > * > * {
  width: 2em !important;
  height: 2em !important;
}

.c48 > *:hover {
  color: #27358d;
}

.c44 {
  display: grid;
  grid-template-columns: repeat(2,1fr);
  grid-gap: 1em;
  margin: 0 auto;
  padding: 2em 4em;
  max-width: 1024px;
}

.c44 > :first-child {
  justify-self: center;
  -webkit-align-self: center;
  -ms-flex-item-align: center;
  align-self: center;
}

.c45 {
  display: grid;
  grid-template-columns: repeat(2,1fr);
  list-style: none;
  padding: 0;
}

.c46 {
  line-height: 2.5;
}

.c47 {
  color: white;
  cursor: pointer;
  -webkit-text-decoration: none;
  text-decoration: none;
  text-transform: uppercase;
  border-bottom: 1px solid transparent;
  -webkit-transition: all ease-in-out 300ms;
  transition: all ease-in-out 300ms;
}

.c47:hover {
  border-color: white;
}

.c49 {
  background-color: #27358d;
  text-align: center;
}

.c49 p {
  margin: 0;
  padding: 28px 0 16px;
  color: white;
  text-transform: uppercase;
}

.c49 .credits {
  font-size: 14px;
  text-transform: none;
  padding: 0 0 24px;
  color: #4f6be6;
}

.c49 a {
  -webkit-text-decoration: none;
  text-decoration: none;
  color: #9BAAF6;
}

.c0 {
  background-color: #FFF;
}

.c8 {
  background-size: cover;
  background-position: center;
  background-image: url("/images/plato_de_comida.webp");
  height: 660px;
  width: 100vw;
  overflow: hidden;
  display: table-cell;
  vertical-align: bottom;
  padding-bottom: 48px;
  -webkit-transition: height 300ms;
  transition: height 300ms;
}

.c9 {
  color: white;
  -webkit-transform: translateY(-64px);
  -ms-transform: translateY(-64px);
  transform: translateY(-64px);
  padding: 0 0 0 160px;
  -webkit-transition: -webkit-transform 300ms;
  -webkit-transition: transform 300ms;
  transition: transform 300ms;
}

.c10 {
  margin: 0;
  font-size: 50px;
  text-overflow: ellipsis;
  overflow: hidden;
  width: 75vw;
  text-align: left;
}

.c10 mark {
  color: white;
  background-color: #4f6be6;
}

.c12 {
  width: 200px;
  margin: 24px 0;
  font-weight: bold;
}

.c1 {
  position: absolute;
  left: 0;
  right: 0;
  z-index: 9;
  max-height: 250px;
  border-radius: 0 0 100% 100%/0 0 25% 25%;
  -webkit-transition: all 300ms;
  transition: all 300ms;
}

.c2 {
  display: none;
  position: fixed;
  top: 0;
  z-index: 9;
  height: 4em;
  width: 100vw;
  padding: 1em;
}

.c3 {
  display: -webkit-box;
  display: -webkit-flex;
  display: -ms-flexbox;
  display: flex;
  list-style: none;
  padding: 0;
  -webkit-box-pack: center;
  -webkit-justify-content: center;
  -ms-flex-pack: center;
  justify-content: center;
}

.c4 {
  -webkit-flex: 1;
  -ms-flex: 1;
  flex: 1;
  font-family: dosis,sans-serif;
  text-transform: uppercase;
  font-size: 15px;
  font-weight: 500;
  text-align: center;
  max-width: 200px;
  display: block;
}

.c4 > a > div {
  max-width: 150px;
}

.c4 a {
  color: white;
}

.c6 {
  -webkit-flex: 1;
  -ms-flex: 1;
  flex: 1;
  font-family: dosis,sans-serif;
  text-transform: uppercase;
  font-size: 15px;
  font-weight: 500;
  text-align: center;
  max-width: 200px;
  display: block;
}

.c6 > a > div {
  max-width: 150px;
}

.c6 a {
  color: #f38d9f;
}

.c5 {
  font-weight: 500;
  color: white;
  -webkit-text-decoration: none;
  text-decoration: none;
  cursor: pointer;
  border-bottom: 1px solid transparent;
  -webkit-transition: all 300ms;
  transition: all 300ms;
}

.c5:hover {
  font-weight: 700;
  color: #f38d9f;
}

.c7 {
  position: absolute;
  background: white;
  margin: 72px 0;
  padding: 12px;
  padding-right: 24px;
  top: 0;
  right: 0;
  border-radius: 20px 0 0 20px;
}

.c7 p {
  color: #4f6be6;
  font-weight: bolder;
  margin: 0;
  text-transform: uppercase;
}

.c7 > :first-child {
  background: red;
  border-radius: 40px;
}

.c7:hover {
  cursor: pointer;
}

.c38 {
  display: grid;
  max-width: 1200px;
  grid-template-columns: repeat(12,1fr);
  grid-template-rows: repeat(2,1fr);
  margin: 0 auto;
}

.c38 > a {
  position: relative;
  display: block;
  margin: 0.4em !important;
  max-width: 100%;
  -webkit-align-self: center;
  -ms-flex-item-align: center;
  align-self: center;
  text-align: center;
  box-shadow: 0 0px 0px rgba(0,0,0,0.15);
  -webkit-transition: -webkit-transform 0.3s ease-in-out;
  -webkit-transition: transform 0.3s ease-in-out;
  transition: transform 0.3s ease-in-out;
}

.c38 > a:hover {
  -webkit-transform: scale(1.1,1.1);
  -ms-transform: scale(1.1,1.1);
  transform: scale(1.1,1.1);
}

.c38 > a:nth-child(-n + 4) {
  grid-column: span 3;
}

.c38 > a:nth-child(n + 4) {
  grid-column: span 3;
}

.c38 > a:nth-child(5) {
  justify-self: right;
}

.c38 > a:nth-child(8) {
  justify-self: left;
}

.c37 {
  text-align: center;
}

.c29 {
  display: grid;
  grid-gap: 4em;
  margin: 0 auto;
  grid-template-columns: 1fr 1fr 1fr;
  -webkit-box-pack: stretch;
  -webkit-justify-content: stretch;
  -ms-flex-pack: stretch;
  justify-content: stretch;
  max-width: 1024px;
}

.c30 {
  text-align: center;
  display: grid;
  grid-template-rows: 250px auto auto;
}

.c40 {
  text-align: left;
}

.c39 {
  display: grid;
  margin: 0 auto;
  grid-template-columns: 1fr 1fr;
  grid-gap: 2em;
  max-width: 960px;
  -webkit-align-items: center;
  -webkit-box-align: center;
  -ms-flex-align: center;
  align-items: center;
}

.c39 .first-element {
  text-align: right;
}

.c41 {
  line-height: 1.75em;
}

.c42 {
  margin-top: 0;
  font-family: dosis;
  font-size: 2em;
  font-weight: 400;
  line-height: 1.5em;
  color: #4f6be6;
}

.c42 a {
  color: inherit;
  -webkit-text-decoration: none;
  text-decoration: none;
}

.c42 a:hover {
  -webkit-text-decoration: underline;
  text-decoration: underline;
}

.c14 {
  display: grid;
  grid-template-columns: 1fr 4fr 1fr;
  grid-template-areas: "left-image text right-image" "ods ods ods" "ods-container ods-container ods-container" ". button .";
}

.c21 {
  display: -webkit-box;
  display: -webkit-flex;
  display: -ms-flexbox;
  display: flex;
  -webkit-box-pack: center;
  -webkit-justify-content: center;
  -ms-flex-pack: center;
  justify-content: center;
}

.c15 {
  grid-area: left-image;
}

.c20 {
  grid-area: right-image;
}

.c16 {
  grid-area: text;
  -webkit-align-self: center;
  -ms-flex-item-align: center;
  align-self: center;
  text-align: center;
  margin: 0 2em;
}

.c18 mark {
  background-color: #9BAAF6;
}

.c25 {
  color: #027aa8;
  font-size: 1.25em;
  font-weight: 700;
  text-align: center !important;
  padding: 0 2em;
  max-width: 1024px;
}

.c25 a {
  color: inherit;
  -webkit-transition: color 300ms;
  transition: color 300ms;
}

.c25 a:hover {
  color: #4f6be6;
}

.c23 {
  display: -webkit-box;
  display: -webkit-flex;
  display: -ms-flexbox;
  display: flex;
  -webkit-flex-direction: column;
  -ms-flex-direction: column;
  flex-direction: column;
  -webkit-align-items: center;
  -webkit-box-align: center;
  -ms-flex-align: center;
  align-items: center;
  grid-area: ods;
  justify-self: center;
  margin: 2em 0;
}

.c26 {
  display: -webkit-box;
  display: -webkit-flex;
  display: -ms-flexbox;
  display: flex;
  -webkit-box-pack: center;
  -webkit-justify-content: center;
  -ms-flex-pack: center;
  justify-content: center;
  -webkit-align-items: center;
  -webkit-box-align: center;
  -ms-flex-align: center;
  align-items: center;
  grid-area: ods-container;
}

.c26 > * {
  margin: 0 0.5em;
  -webkit-transition: all 500ms ease-in;
  transition: all 500ms ease-in;
}

.c26 .img.smallest {
  width: 75px;
  opacity: 0.15;
}

.c26 .img.smaller {
  width: 100px;
  opacity: 0.5;
}

.c26 .img.small {
  width: 125px;
  opacity: 0.85;
}

.c28 {
  justify-self: center;
  width: 300px;
  margin-top: 2em;
  grid-area: button;
}

.c32 {
  display: grid;
  grid-gap: 4em;
  grid-template-columns: 1fr 1fr;
  padding: 64px 0;
  background-color: #f6f6f6;
}

.c32 p {
  line-height: 1.75em;
  max-width: 400px;
}

.c33 {
  -webkit-align-self: center;
  -ms-flex-item-align: center;
  align-self: center;
  justify-self: right;
}

.c35 {
  display: block;
  width: 170px;
}

@media (max-width:600px) {
  .c24 {
    margin: 0 2em;
  }
}

@media (max-width:600px) {
  .c44 {
    grid-template-columns: 1fr;
  }

  .c44 > :last-child {
    text-align: center;
    justify-self: center;
  }
}

@media (max-width:960px) {
  .c45 {
    grid-template-columns: 1fr;
  }
}

@media (max-width:960px) {
  .c8 {
    height: 400px;
  }
}

@media (max-width:960px) {
  .c9 {
    -webkit-transform: translateY(0px);
    -ms-transform: translateY(0px);
    transform: translateY(0px);
  }
}

@media (max-width:600px) {
  .c9 {
    padding: 0;
    padding-left: 48px;
  }
}

@media (max-width:960px) {
  .c10 {
    width: 100%;
  }
}

@media (max-width:600px) {
  .c1 {
    color: red;
  }
}

@media (max-width:600px) {
  .c2 {
    display: block;
  }
}

@media (max-width:600px) {
  .c3 {
    -webkit-transform: translateY(-100%);
    -ms-transform: translateY(-100%);
    transform: translateY(-100%);
    background: #27358d;
    -webkit-flex-direction: column;
    -ms-flex-direction: column;
    flex-direction: column;
    -webkit-align-items: center;
    -webkit-box-align: center;
    -ms-flex-align: center;
    align-items: center;
    padding-top: 80px;
    margin: 0;
    -webkit-transition: -webkit-transform 250ms ease-in;
    -webkit-transition: transform 250ms ease-in;
    transition: transform 250ms ease-in;
    position: fixed;
    width: 100vw;
  }

  .c3 > :nth-child(3) {
    display: none;
  }

  .c3 > :nth-child(3) {
    display: none;
  }

  .c3 > * {
    margin: 1em;
  }

  .c3 > :last-child {
    margin-bottom: 2em;
  }
}

@media (max-width:600px) {
  .c4 {
    display: block;
  }
}

@media (max-width:600px) {
  .c6 {
    display: block;
  }
}

@media (max-width:600px) {
  .c7 {
    display: none;
  }
}

@media (max-width:960px) {
  .c36 {
    margin: 0 2em;
  }
}

@media (max-width:960px) {
  .c38 {
    grid-template-columns: 1fr 1fr;
  }

  .c38 > a:nth-child(-n + 4) {
    grid-column: inherit;
  }

  .c38 > a:nth-child(n + 5) {
    grid-column: inherit;
  }

  .c38 > a:nth-child(5) {
    justify-self: inherit;
  }

  .c38 > a:nth-child(7) {
    justify-self: inherit;
  }
}

@media (max-width:600px) {
  .c38 {
    grid-template-columns: 1fr;
  }
}

@media (max-width:960px) {
  .c29 {
    grid-template-columns: 1fr;
    margin: 0 4em;
  }
}

@media (max-width:600px) {
  .c29 {
    margin: 0 2em;
  }
}

@media (max-width:960px) {
  .c31 {
    text-align: center;
  }
}

@media (max-width:960px) {
  .c40 {
    text-align: center;
  }
}

@media (max-width:960px) {
  .c39 {
    grid-template-columns: 1fr;
  }

  .c39 .first-element {
    text-align: center;
  }
}

@media (max-width:960px) {
  .c41 {
    text-align: center;
  }
}

@media (max-width:960px) {
  .c42 {
    text-align: center;
  }
}

@media (max-width:1070px) {
  .c14 {
    grid-template-areas: "text text text" "ods ods ods" "ods-container ods-container ods-container" ". button .";
  }

  .c14 > :first-child {
    display: none !important;
  }

  .c14 > :nth-child(3) {
    display: none !important;
  }
}

@media (min-width:1920px) {
  .c16 {
    margin: 0 4em;
  }
}

@media (max-width:960px) {
  .c16 {
    margin: 0 4em;
  }
}

@media (max-width:600px) {
  .c16 {
    margin: 0 2em;
  }
}

@media (max-width:600px) {
  .c25 {
    padding: 2em 0 2.5em;
  }
}

@media (max-width:960px) {
  .c26 {
    margin: 4em 2em;
  }
}

@media (max-width:960px) {
  .c26 .img.smallest {
    display: none;
  }
}

@media (max-width:600px) {
  .c26 .img.smaller {
    display: none;
  }
}

@media (max-width:960px) {
  .c32 {
    grid-template-columns: 1fr;
    grid-template-rows: 1fr 1fr;
    grid-gap: 0;
  }

  .c32 .text {
    display: grid;
    text-align: center;
    justify-items: center;
  }
}

@media (max-width:960px) {
  .c33 {
    justify-self: center;
  }
}

<main
    class="c0"
  >
    <nav
      class="c1"
    >
      <div
        class="c2"
      >
        <span
          style="box-sizing: border-box; display: inline-block; overflow: hidden; width: 60px; height: 60px; background: none; opacity: 1; border: 0px; margin: 0px; padding: 0px; position: relative;"
        >
          <img
            data-nimg="fixed"
            decoding="async"
            src="data:image/gif;base64,R0lGODlhAQABAIAAAAAAAP///yH5BAEAAAAALAAAAAABAAEAAAIBRAA7"
            style="position: absolute; top: 0px; left: 0px; bottom: 0px; right: 0px; box-sizing: border-box; padding: 0px; margin: auto; display: block; width: 0px; height: 0px; min-width: 100%; max-width: 100%; min-height: 100%; max-height: 100%;"
          />
          <noscript />
        </span>
      </div>
      <ul
        class="c3"
      >
        <li
          class="c4"
        >
          <a
            class="c5"
          >
            FavForMe
          </a>
        </li>
        <li
          class="c4"
        >
          <a
            class="c5"
          >
            Acciones
          </a>
        </li>
        <li
          class="c4"
        >
          <a
            class="c5"
          >
            <span
              style="box-sizing: border-box; display: inline-block; overflow: hidden; background: none; opacity: 1; border: 0px; margin: 0px; padding: 0px; position: relative; max-width: 100%;"
            >
              <span
                style="box-sizing: border-box; display: block; background: none; opacity: 1; border: 0px; margin: 0px; padding: 0px; max-width: 100%;"
              >
                <img
                  alt=""
                  aria-hidden="true"
                  src="data:image/svg+xml;base64,PHN2ZyB3aWR0aD0iMjcwIiBoZWlnaHQ9IjIxNCIgeG1sbnM9Imh0dHA6Ly93d3cudzMub3JnLzIwMDAvc3ZnIiB2ZXJzaW9uPSIxLjEiLz4="
                  style="display: block; max-width: 100%; background: none; opacity: 1; border: 0px; margin: 0px; padding: 0px;"
                />
              </span>
              <img
                alt="FavForMe logo"
                data-nimg="intrinsic"
                decoding="async"
                src="data:image/gif;base64,R0lGODlhAQABAIAAAAAAAP///yH5BAEAAAAALAAAAAABAAEAAAIBRAA7"
                style="position: absolute; top: 0px; left: 0px; bottom: 0px; right: 0px; box-sizing: border-box; padding: 0px; margin: auto; display: block; width: 0px; height: 0px; min-width: 100%; max-width: 100%; min-height: 100%; max-height: 100%;"
              />
              <noscript />
            </span>
          </a>
        </li>
        <li
          class="c4"
        >
          <a
            class="c5"
          >
            Empresas
          </a>
        </li>
        <li
          class="c6"
        >
          <a
            class="c5"
          >
            Contacto
          </a>
        </li>
        <div
          class="c7"
        >
          <span
            style="box-sizing: border-box; display: inline-block; overflow: hidden; background: none; opacity: 1; border: 0px; margin: 0px; padding: 0px; position: relative; max-width: 100%;"
          >
            <span
              style="box-sizing: border-box; display: block; background: none; opacity: 1; border: 0px; margin: 0px; padding: 0px; max-width: 100%;"
            >
              <img
                alt=""
                aria-hidden="true"
                src="data:image/svg+xml;base64,PHN2ZyB3aWR0aD0iNzUiIGhlaWdodD0iNzUiIHhtbG5zPSJodHRwOi8vd3d3LnczLm9yZy8yMDAwL3N2ZyIgdmVyc2lvbj0iMS4xIi8+"
                style="display: block; max-width: 100%; background: none; opacity: 1; border: 0px; margin: 0px; padding: 0px;"
              />
            </span>
            <img
              data-nimg="intrinsic"
              decoding="async"
              src="data:image/gif;base64,R0lGODlhAQABAIAAAAAAAP///yH5BAEAAAAALAAAAAABAAEAAAIBRAA7"
              style="position: absolute; top: 0px; left: 0px; bottom: 0px; right: 0px; box-sizing: border-box; padding: 0px; margin: auto; display: block; width: 0px; height: 0px; min-width: 100%; max-width: 100%; min-height: 100%; max-height: 100%;"
            />
            <noscript />
          </span>
          <p>
            Iniciar sesión
          </p>
        </div>
      </ul>
    </nav>
    <header
      class="c8"
    >
      <div
        class="c9"
      >
        <h1
          class="c10"
        >
          <span>
            Hay muchas personas
            <br />
            necesitando de tu
            <br />
            buena acción
          </span>
        </h1>
        <button
          class="c11 c12"
          color="secondary"
        >
          <svg
            aria-hidden="true"
            class="svg-inline--fa fa-heart fa-w-16 "
            data-icon="heart"
            data-prefix="far"
            focusable="false"
            role="img"
            viewBox="0 0 512 512"
            xmlns="http://www.w3.org/2000/svg"
          >
            <path
              d="M458.4 64.3C400.6 15.7 311.3 23 256 79.3 200.7 23 111.4 15.6 53.6 64.3-21.6 127.6-10.6 230.8 43 285.5l175.4 178.7c10 10.2 23.4 15.9 37.6 15.9 14.3 0 27.6-5.6 37.6-15.8L469 285.6c53.5-54.7 64.7-157.9-10.6-221.3zm-23.6 187.5L259.4 430.5c-2.4 2.4-4.4 2.4-6.8 0L77.2 251.8c-36.5-37.2-43.9-107.6 7.3-150.7 38.9-32.7 98.9-27.8 136.5 10.5l35 35.7 35-35.7c37.8-38.5 97.8-43.2 136.5-10.6 51.1 43.1 43.5 113.9 7.3 150.8z"
              fill="currentColor"
            />
          </svg>
           DONÁ HOY
        </button>
      </div>
    </header>
    <hr
      class="c13"
    />
    <section
      class="c14"
    >
      <div
        class="c15"
      >
        <span
          style="box-sizing: border-box; display: inline-block; overflow: hidden; width: 350px; height: 330px; background: none; opacity: 1; border: 0px; margin: 0px; padding: 0px; position: relative;"
        >
          <img
            alt="Mano izquierda"
            data-nimg="fixed"
            decoding="async"
            src="data:image/gif;base64,R0lGODlhAQABAIAAAAAAAP///yH5BAEAAAAALAAAAAABAAEAAAIBRAA7"
            style="position: absolute; top: 0px; left: 0px; bottom: 0px; right: 0px; box-sizing: border-box; padding: 0px; margin: auto; display: block; width: 0px; height: 0px; min-width: 100%; max-width: 100%; min-height: 100%; max-height: 100%;"
          />
          <noscript />
        </span>
      </div>
      <div
        class="c16"
      >
        <h1
          class="c17 c18"
        >
          SOMOS LA 
          <strong>
            PRIMERA
          </strong>
           PLATAFORMA DE 
          <strong>
            CROWDFUNDING SOCIAL
          </strong>
           DE LATINOAMÉRICA
        </h1>
        <p
          class="c19"
        >
          En FavForMe creamos un espacio que ayuda a las ONGs a conseguir los recursos necesarios para realizar acciones de impacto social a través de crowdfunding
        </p>
      </div>
      <div
        class="c20"
      >
        <span
          style="box-sizing: border-box; display: inline-block; overflow: hidden; width: 340px; height: 330px; background: none; opacity: 1; border: 0px; margin: 0px; padding: 0px; position: relative;"
        >
          <img
            alt="Mano derecha"
            data-nimg="fixed"
            decoding="async"
            src="data:image/gif;base64,R0lGODlhAQABAIAAAAAAAP///yH5BAEAAAAALAAAAAABAAEAAAIBRAA7"
            style="position: absolute; top: 0px; left: 0px; bottom: 0px; right: 0px; box-sizing: border-box; padding: 0px; margin: auto; display: block; width: 0px; height: 0px; min-width: 100%; max-width: 100%; min-height: 100%; max-height: 100%;"
          />
          <noscript />
        </span>
      </div>
    </section>
    <section
      class="c21"
    >
      <a
        href="/whitepaper"
      >
        <button
          class="c22"
        >
          Ver Whitepaper
        </button>
      </a>
    </section>
    <hr
      class="c13"
    />
    <hr
      class="c13"
    />
    <div
      style="display: flex; flex-direction: column; align-items: center;"
    >
      <div
        class="c23"
      >
        <a
          href="https://www1.undp.org/content/undp/es/home/sustainable-development-goals.html"
          rel="noopener noreferrer"
          target="_blank"
        >
          <span
            style="box-sizing: border-box; display: inline-block; overflow: hidden; background: none; opacity: 1; border: 0px; margin: 0px; padding: 0px; position: relative; max-width: 100%;"
          >
            <span
              style="box-sizing: border-box; display: block; background: none; opacity: 1; border: 0px; margin: 0px; padding: 0px; max-width: 100%;"
            >
              <img
                alt=""
                aria-hidden="true"
                src="data:image/svg+xml;base64,PHN2ZyB3aWR0aD0iMzYwIiBoZWlnaHQ9IjQwIiB4bWxucz0iaHR0cDovL3d3dy53My5vcmcvMjAwMC9zdmciIHZlcnNpb249IjEuMSIvPg=="
                style="display: block; max-width: 100%; background: none; opacity: 1; border: 0px; margin: 0px; padding: 0px;"
              />
            </span>
            <img
              alt="ODS Logo"
              data-nimg="intrinsic"
              decoding="async"
              src="data:image/gif;base64,R0lGODlhAQABAIAAAAAAAP///yH5BAEAAAAALAAAAAABAAEAAAIBRAA7"
              style="position: absolute; top: 0px; left: 0px; bottom: 0px; right: 0px; box-sizing: border-box; padding: 0px; margin: auto; display: block; width: 0px; height: 0px; min-width: 100%; max-width: 100%; min-height: 100%; max-height: 100%;"
            />
            <noscript />
          </span>
        </a>
        <section
          class="c24"
        >
          <p
            class="c25"
          >
            El equipo de FavForMe se especializó en los 
            <a
              href="https://www1.undp.org/content/undp/es/home/sustainable-development-goals.html"
              rel="noopener noreferrer"
              target="_blank"
            >
              Objetivos de Desarrollo Sustentables (ODS)
            </a>
             definidos por la Organización de las Naciones Unidas y ha desarrollado mejores prácticas para lograr alcanzarlos
          </p>
        </section>
      </div>
      <section
        class="c24 c26"
      >
        <div
          class="img smallest"
        >
          <span
            style="box-sizing: border-box; display: inline-block; overflow: hidden; background: none; opacity: 1; border: 0px; margin: 0px; padding: 0px; position: relative; max-width: 100%;"
          >
            <span
              style="box-sizing: border-box; display: block; background: none; opacity: 1; border: 0px; margin: 0px; padding: 0px; max-width: 100%;"
            >
              <img
                alt=""
                aria-hidden="true"
                src="data:image/svg+xml;base64,PHN2ZyB3aWR0aD0iMTUwIiBoZWlnaHQ9IjE1MCIgeG1sbnM9Imh0dHA6Ly93d3cudzMub3JnLzIwMDAvc3ZnIiB2ZXJzaW9uPSIxLjEiLz4="
                style="display: block; max-width: 100%; background: none; opacity: 1; border: 0px; margin: 0px; padding: 0px;"
              />
            </span>
            <img
              alt="Carousel image (smallest on the left)"
              data-nimg="intrinsic"
              decoding="async"
              src="data:image/gif;base64,R0lGODlhAQABAIAAAAAAAP///yH5BAEAAAAALAAAAAABAAEAAAIBRAA7"
              style="position: absolute; top: 0px; left: 0px; bottom: 0px; right: 0px; box-sizing: border-box; padding: 0px; margin: auto; display: block; width: 0px; height: 0px; min-width: 100%; max-width: 100%; min-height: 100%; max-height: 100%;"
            />
            <noscript />
          </span>
        </div>
        <div
          class="img smaller"
        >
          <span
            style="box-sizing: border-box; display: inline-block; overflow: hidden; background: none; opacity: 1; border: 0px; margin: 0px; padding: 0px; position: relative; max-width: 100%;"
          >
            <span
              style="box-sizing: border-box; display: block; background: none; opacity: 1; border: 0px; margin: 0px; padding: 0px; max-width: 100%;"
            >
              <img
                alt=""
                aria-hidden="true"
                src="data:image/svg+xml;base64,PHN2ZyB3aWR0aD0iMTUwIiBoZWlnaHQ9IjE1MCIgeG1sbnM9Imh0dHA6Ly93d3cudzMub3JnLzIwMDAvc3ZnIiB2ZXJzaW9uPSIxLjEiLz4="
                style="display: block; max-width: 100%; background: none; opacity: 1; border: 0px; margin: 0px; padding: 0px;"
              />
            </span>
            <img
              alt="Carousel image (smaller on the left)"
              data-nimg="intrinsic"
              decoding="async"
              src="data:image/gif;base64,R0lGODlhAQABAIAAAAAAAP///yH5BAEAAAAALAAAAAABAAEAAAIBRAA7"
              style="position: absolute; top: 0px; left: 0px; bottom: 0px; right: 0px; box-sizing: border-box; padding: 0px; margin: auto; display: block; width: 0px; height: 0px; min-width: 100%; max-width: 100%; min-height: 100%; max-height: 100%;"
            />
            <noscript />
          </span>
        </div>
        <div
          class="img small"
        >
          <span
            style="box-sizing: border-box; display: inline-block; overflow: hidden; background: none; opacity: 1; border: 0px; margin: 0px; padding: 0px; position: relative; max-width: 100%;"
          >
            <span
              style="box-sizing: border-box; display: block; background: none; opacity: 1; border: 0px; margin: 0px; padding: 0px; max-width: 100%;"
            >
              <img
                alt=""
                aria-hidden="true"
                src="data:image/svg+xml;base64,PHN2ZyB3aWR0aD0iMTUwIiBoZWlnaHQ9IjE1MCIgeG1sbnM9Imh0dHA6Ly93d3cudzMub3JnLzIwMDAvc3ZnIiB2ZXJzaW9uPSIxLjEiLz4="
                style="display: block; max-width: 100%; background: none; opacity: 1; border: 0px; margin: 0px; padding: 0px;"
              />
            </span>
            <img
              alt="Carousel image (small on the left)"
              data-nimg="intrinsic"
              decoding="async"
              src="data:image/gif;base64,R0lGODlhAQABAIAAAAAAAP///yH5BAEAAAAALAAAAAABAAEAAAIBRAA7"
              style="position: absolute; top: 0px; left: 0px; bottom: 0px; right: 0px; box-sizing: border-box; padding: 0px; margin: auto; display: block; width: 0px; height: 0px; min-width: 100%; max-width: 100%; min-height: 100%; max-height: 100%;"
            />
            <noscript />
          </span>
        </div>
        <div>
          <span
            style="box-sizing: border-box; display: inline-block; overflow: hidden; background: none; opacity: 1; border: 0px; margin: 0px; padding: 0px; position: relative; max-width: 100%;"
          >
            <span
              style="box-sizing: border-box; display: block; background: none; opacity: 1; border: 0px; margin: 0px; padding: 0px; max-width: 100%;"
            >
              <img
                alt=""
                aria-hidden="true"
                src="data:image/svg+xml;base64,PHN2ZyB3aWR0aD0iMTUwIiBoZWlnaHQ9IjE1MCIgeG1sbnM9Imh0dHA6Ly93d3cudzMub3JnLzIwMDAvc3ZnIiB2ZXJzaW9uPSIxLjEiLz4="
                style="display: block; max-width: 100%; background: none; opacity: 1; border: 0px; margin: 0px; padding: 0px;"
              />
            </span>
            <img
              alt="Carousel image"
              data-nimg="intrinsic"
              decoding="async"
              src="data:image/gif;base64,R0lGODlhAQABAIAAAAAAAP///yH5BAEAAAAALAAAAAABAAEAAAIBRAA7"
              style="position: absolute; top: 0px; left: 0px; bottom: 0px; right: 0px; box-sizing: border-box; padding: 0px; margin: auto; display: block; width: 0px; height: 0px; min-width: 100%; max-width: 100%; min-height: 100%; max-height: 100%;"
            />
            <noscript />
          </span>
        </div>
        <div
          class="img small"
        >
          <span
            style="box-sizing: border-box; display: inline-block; overflow: hidden; background: none; opacity: 1; border: 0px; margin: 0px; padding: 0px; position: relative; max-width: 100%;"
          >
            <span
              style="box-sizing: border-box; display: block; background: none; opacity: 1; border: 0px; margin: 0px; padding: 0px; max-width: 100%;"
            >
              <img
                alt=""
                aria-hidden="true"
                src="data:image/svg+xml;base64,PHN2ZyB3aWR0aD0iMTUwIiBoZWlnaHQ9IjE1MCIgeG1sbnM9Imh0dHA6Ly93d3cudzMub3JnLzIwMDAvc3ZnIiB2ZXJzaW9uPSIxLjEiLz4="
                style="display: block; max-width: 100%; background: none; opacity: 1; border: 0px; margin: 0px; padding: 0px;"
              />
            </span>
            <img
              alt="Carousel image (small on the right)"
              data-nimg="intrinsic"
              decoding="async"
              src="data:image/gif;base64,R0lGODlhAQABAIAAAAAAAP///yH5BAEAAAAALAAAAAABAAEAAAIBRAA7"
              style="position: absolute; top: 0px; left: 0px; bottom: 0px; right: 0px; box-sizing: border-box; padding: 0px; margin: auto; display: block; width: 0px; height: 0px; min-width: 100%; max-width: 100%; min-height: 100%; max-height: 100%;"
            />
            <noscript />
          </span>
        </div>
        <div
          class="img smaller"
        >
          <span
            style="box-sizing: border-box; display: inline-block; overflow: hidden; background: none; opacity: 1; border: 0px; margin: 0px; padding: 0px; position: relative; max-width: 100%;"
          >
            <span
              style="box-sizing: border-box; display: block; background: none; opacity: 1; border: 0px; margin: 0px; padding: 0px; max-width: 100%;"
            >
              <img
                alt=""
                aria-hidden="true"
                src="data:image/svg+xml;base64,PHN2ZyB3aWR0aD0iMTUwIiBoZWlnaHQ9IjE1MCIgeG1sbnM9Imh0dHA6Ly93d3cudzMub3JnLzIwMDAvc3ZnIiB2ZXJzaW9uPSIxLjEiLz4="
                style="display: block; max-width: 100%; background: none; opacity: 1; border: 0px; margin: 0px; padding: 0px;"
              />
            </span>
            <img
              alt="Carousel image (smaller on the right)"
              data-nimg="intrinsic"
              decoding="async"
              src="data:image/gif;base64,R0lGODlhAQABAIAAAAAAAP///yH5BAEAAAAALAAAAAABAAEAAAIBRAA7"
              style="position: absolute; top: 0px; left: 0px; bottom: 0px; right: 0px; box-sizing: border-box; padding: 0px; margin: auto; display: block; width: 0px; height: 0px; min-width: 100%; max-width: 100%; min-height: 100%; max-height: 100%;"
            />
            <noscript />
          </span>
        </div>
        <div
          class="img smallest"
        >
          <span
            style="box-sizing: border-box; display: inline-block; overflow: hidden; background: none; opacity: 1; border: 0px; margin: 0px; padding: 0px; position: relative; max-width: 100%;"
          >
            <span
              style="box-sizing: border-box; display: block; background: none; opacity: 1; border: 0px; margin: 0px; padding: 0px; max-width: 100%;"
            >
              <img
                alt=""
                aria-hidden="true"
                src="data:image/svg+xml;base64,PHN2ZyB3aWR0aD0iMTUwIiBoZWlnaHQ9IjE1MCIgeG1sbnM9Imh0dHA6Ly93d3cudzMub3JnLzIwMDAvc3ZnIiB2ZXJzaW9uPSIxLjEiLz4="
                style="display: block; max-width: 100%; background: none; opacity: 1; border: 0px; margin: 0px; padding: 0px;"
              />
            </span>
            <img
              alt="Carousel image (smallest on the right)"
              data-nimg="intrinsic"
              decoding="async"
              src="data:image/gif;base64,R0lGODlhAQABAIAAAAAAAP///yH5BAEAAAAALAAAAAABAAEAAAIBRAA7"
              style="position: absolute; top: 0px; left: 0px; bottom: 0px; right: 0px; box-sizing: border-box; padding: 0px; margin: auto; display: block; width: 0px; height: 0px; min-width: 100%; max-width: 100%; min-height: 100%; max-height: 100%;"
            />
            <noscript />
          </span>
        </div>
      </section>
      <a
        class="c27 c28"
        color="#027aa8"
        href="https://www1.undp.org/content/undp/es/home/sustainable-development-goals.html"
        rel="noreferrer noopener"
        target="_blank"
      >
        APRENDER SOBRE ODS
      </a>
    </div>
    <hr
      class="c13"
    />
    <section
      class="c24 c29"
      id="call_to_actions"
    >
      <section
        class="c30"
      >
        <span
          style="box-sizing: border-box; display: inline-block; overflow: hidden; background: none; opacity: 1; border: 0px; margin: 0px; padding: 0px; position: relative; max-width: 100%;"
        >
          <span
            style="box-sizing: border-box; display: block; background: none; opacity: 1; border: 0px; margin: 0px; padding: 0px; max-width: 100%;"
          >
            <img
              alt=""
              aria-hidden="true"
              src="data:image/svg+xml;base64,PHN2ZyB3aWR0aD0iMzAwIiBoZWlnaHQ9IjI1MCIgeG1sbnM9Imh0dHA6Ly93d3cudzMub3JnLzIwMDAvc3ZnIiB2ZXJzaW9uPSIxLjEiLz4="
              style="display: block; max-width: 100%; background: none; opacity: 1; border: 0px; margin: 0px; padding: 0px;"
            />
          </span>
          <img
            alt="Mujer de traje de oficina en cima de una montaña sonriendo con una capa"
            data-nimg="intrinsic"
            decoding="async"
            src="data:image/gif;base64,R0lGODlhAQABAIAAAAAAAP///yH5BAEAAAAALAAAAAABAAEAAAIBRAA7"
            style="position: absolute; top: 0px; left: 0px; bottom: 0px; right: 0px; box-sizing: border-box; padding: 0px; margin: auto; display: block; width: 0px; height: 0px; min-width: 100%; max-width: 100%; min-height: 100%; max-height: 100%;"
          />
          <noscript />
        </span>
        <h1
          class="c17"
        >
          SOS PERSONA
        </h1>
        <p
          class="c19 c31"
        >
          Doná en las acciones para que muchas personas tengan la oportunidad y logren alcanzar sus sueños. 
          <br />
          ...
          <i>
            "Hoy te convertís en héroe"
          </i>
          ...
        </p>
      </section>
      <section
        class="c30"
      >
        <span
          style="box-sizing: border-box; display: inline-block; overflow: hidden; background: none; opacity: 1; border: 0px; margin: 0px; padding: 0px; position: relative; max-width: 100%;"
        >
          <span
            style="box-sizing: border-box; display: block; background: none; opacity: 1; border: 0px; margin: 0px; padding: 0px; max-width: 100%;"
          >
            <img
              alt=""
              aria-hidden="true"
              src="data:image/svg+xml;base64,PHN2ZyB3aWR0aD0iMzAwIiBoZWlnaHQ9IjI1MCIgeG1sbnM9Imh0dHA6Ly93d3cudzMub3JnLzIwMDAvc3ZnIiB2ZXJzaW9uPSIxLjEiLz4="
              style="display: block; max-width: 100%; background: none; opacity: 1; border: 0px; margin: 0px; padding: 0px;"
            />
          </span>
          <img
            alt="Persona tomando un cafe"
            data-nimg="intrinsic"
            decoding="async"
            src="data:image/gif;base64,R0lGODlhAQABAIAAAAAAAP///yH5BAEAAAAALAAAAAABAAEAAAIBRAA7"
            style="position: absolute; top: 0px; left: 0px; bottom: 0px; right: 0px; box-sizing: border-box; padding: 0px; margin: auto; display: block; width: 0px; height: 0px; min-width: 100%; max-width: 100%; min-height: 100%; max-height: 100%;"
          />
          <noscript />
        </span>
        <h1
          class="c17"
        >
          SOS EMPRESA
        </h1>
        <p
          class="c19 c31"
        >
          Generá Responsabilidad Social Empresarial y fomentá las acciones de impacto social positivo con tus stakeholders
        </p>
      </section>
      <section
        class="c30"
      >
        <span
          style="box-sizing: border-box; display: inline-block; overflow: hidden; background: none; opacity: 1; border: 0px; margin: 0px; padding: 0px; position: relative; max-width: 100%;"
        >
          <span
            style="box-sizing: border-box; display: block; background: none; opacity: 1; border: 0px; margin: 0px; padding: 0px; max-width: 100%;"
          >
            <img
              alt=""
              aria-hidden="true"
              src="data:image/svg+xml;base64,PHN2ZyB3aWR0aD0iMzAwIiBoZWlnaHQ9IjI1MCIgeG1sbnM9Imh0dHA6Ly93d3cudzMub3JnLzIwMDAvc3ZnIiB2ZXJzaW9uPSIxLjEiLz4="
              style="display: block; max-width: 100%; background: none; opacity: 1; border: 0px; margin: 0px; padding: 0px;"
            />
          </span>
          <img
            alt="Persona dando de comer a otra persona"
            data-nimg="intrinsic"
            decoding="async"
            src="data:image/gif;base64,R0lGODlhAQABAIAAAAAAAP///yH5BAEAAAAALAAAAAABAAEAAAIBRAA7"
            style="position: absolute; top: 0px; left: 0px; bottom: 0px; right: 0px; box-sizing: border-box; padding: 0px; margin: auto; display: block; width: 0px; height: 0px; min-width: 100%; max-width: 100%; min-height: 100%; max-height: 100%;"
          />
          <noscript />
        </span>
        <h1
          class="c17"
        >
          SOS ONG
        </h1>
        <p
          class="c19 c31"
        >
          Conseguí fondos para cumplir con tus objetivos, logrando que más personas apoyen a la causa. Contanos tu historia
        </p>
      </section>
    </section>
    <hr
      class="c13"
    />
    <section
      class="c32"
      id="rse"
    >
      <div
        class="c33"
      >
        <span
          style="box-sizing: border-box; display: inline-block; overflow: hidden; background: none; opacity: 1; border: 0px; margin: 0px; padding: 0px; position: relative; max-width: 100%;"
        >
          <span
            style="box-sizing: border-box; display: block; background: none; opacity: 1; border: 0px; margin: 0px; padding: 0px; max-width: 100%;"
          >
            <img
              alt=""
              aria-hidden="true"
              src="data:image/svg+xml;base64,PHN2ZyB3aWR0aD0iMzAwIiBoZWlnaHQ9IjMwMCIgeG1sbnM9Imh0dHA6Ly93d3cudzMub3JnLzIwMDAvc3ZnIiB2ZXJzaW9uPSIxLjEiLz4="
              style="display: block; max-width: 100%; background: none; opacity: 1; border: 0px; margin: 0px; padding: 0px;"
            />
          </span>
          <img
            alt="Personas trabajando en una oficina"
            data-nimg="intrinsic"
            decoding="async"
            src="data:image/gif;base64,R0lGODlhAQABAIAAAAAAAP///yH5BAEAAAAALAAAAAABAAEAAAIBRAA7"
            style="position: absolute; top: 0px; left: 0px; bottom: 0px; right: 0px; box-sizing: border-box; padding: 0px; margin: auto; display: block; width: 0px; height: 0px; min-width: 100%; max-width: 100%; min-height: 100%; max-height: 100%;"
          />
          <noscript />
        </span>
      </div>
      <div
        class="text"
      >
        <h1
          class="c17"
        >
          Tu empresa con R.S.E.
        </h1>
        <p>
          Existen muchas pequeñas y medianas empresas que, si bien no cuentan con un área específica dedicada a la responsabilidad social; tienen interés de crear o participar de este tipo de programas ofreciendo productos, servicios, horas de apoyo y hasta fondos
        </p>
        <a
          class="c34 c35"
          href="mailto:hello@favforme.com?subject=Quiero%20sumar%20mi%20empresa"
          rel="noreferrer noopener"
          target="_blank"
        >
          Sumá tu empresa
        </a>
      </div>
    </section>
    <hr
      class="c13"
    />
    <section
      class="c36"
      id="brands"
    >
      <h1
        class="c17 c37"
      >
        Nuestros aliados
      </h1>
      <section
        class="c24 c38"
      >
        <a
          href="https://trilogylab.com/"
          rel="noreferrer noopener"
          target="_blank"
        >
          <span
            style="box-sizing: border-box; display: inline-block; overflow: hidden; background: none; opacity: 1; border: 0px; margin: 0px; padding: 0px; position: relative; max-width: 100%;"
          >
            <span
              style="box-sizing: border-box; display: block; background: none; opacity: 1; border: 0px; margin: 0px; padding: 0px; max-width: 100%;"
            >
              <img
                alt=""
                aria-hidden="true"
                src="data:image/svg+xml;base64,PHN2ZyB3aWR0aD0iMTIyIiBoZWlnaHQ9IjEyMiIgeG1sbnM9Imh0dHA6Ly93d3cudzMub3JnLzIwMDAvc3ZnIiB2ZXJzaW9uPSIxLjEiLz4="
                style="display: block; max-width: 100%; background: none; opacity: 1; border: 0px; margin: 0px; padding: 0px;"
              />
            </span>
            <img
              alt="Trilogy Lab logo"
              data-nimg="intrinsic"
              decoding="async"
              src="data:image/gif;base64,R0lGODlhAQABAIAAAAAAAP///yH5BAEAAAAALAAAAAABAAEAAAIBRAA7"
              style="position: absolute; top: 0px; left: 0px; bottom: 0px; right: 0px; box-sizing: border-box; padding: 0px; margin: auto; display: block; width: 0px; height: 0px; min-width: 100%; max-width: 100%; min-height: 100%; max-height: 100%;"
            />
            <noscript />
          </span>
        </a>
        <a
          href="https://fi.co/"
          rel="noreferrer noopener"
          target="_blank"
        >
          <span
            style="box-sizing: border-box; display: inline-block; overflow: hidden; background: none; opacity: 1; border: 0px; margin: 0px; padding: 0px; position: relative; max-width: 100%;"
          >
            <span
              style="box-sizing: border-box; display: block; background: none; opacity: 1; border: 0px; margin: 0px; padding: 0px; max-width: 100%;"
            >
              <img
                alt=""
                aria-hidden="true"
                src="data:image/svg+xml;base64,PHN2ZyB3aWR0aD0iMjY5IiBoZWlnaHQ9IjEwMiIgeG1sbnM9Imh0dHA6Ly93d3cudzMub3JnLzIwMDAvc3ZnIiB2ZXJzaW9uPSIxLjEiLz4="
                style="display: block; max-width: 100%; background: none; opacity: 1; border: 0px; margin: 0px; padding: 0px;"
              />
            </span>
            <img
              alt="Founder Institute logo"
              data-nimg="intrinsic"
              decoding="async"
              src="data:image/gif;base64,R0lGODlhAQABAIAAAAAAAP///yH5BAEAAAAALAAAAAABAAEAAAIBRAA7"
              style="position: absolute; top: 0px; left: 0px; bottom: 0px; right: 0px; box-sizing: border-box; padding: 0px; margin: auto; display: block; width: 0px; height: 0px; min-width: 100%; max-width: 100%; min-height: 100%; max-height: 100%;"
            />
            <noscript />
          </span>
        </a>
        <a
          href="https://www.blahbox.net/"
          rel="noreferrer noopener"
          target="_blank"
        >
          <span
            style="box-sizing: border-box; display: inline-block; overflow: hidden; background: none; opacity: 1; border: 0px; margin: 0px; padding: 0px; position: relative; max-width: 100%;"
          >
            <span
              style="box-sizing: border-box; display: block; background: none; opacity: 1; border: 0px; margin: 0px; padding: 0px; max-width: 100%;"
            >
              <img
                alt=""
                aria-hidden="true"
                src="data:image/svg+xml;base64,PHN2ZyB3aWR0aD0iMTIyIiBoZWlnaHQ9IjEyMiIgeG1sbnM9Imh0dHA6Ly93d3cudzMub3JnLzIwMDAvc3ZnIiB2ZXJzaW9uPSIxLjEiLz4="
                style="display: block; max-width: 100%; background: none; opacity: 1; border: 0px; margin: 0px; padding: 0px;"
              />
            </span>
            <img
              alt="Blahbox logo"
              data-nimg="intrinsic"
              decoding="async"
              src="data:image/gif;base64,R0lGODlhAQABAIAAAAAAAP///yH5BAEAAAAALAAAAAABAAEAAAIBRAA7"
              style="position: absolute; top: 0px; left: 0px; bottom: 0px; right: 0px; box-sizing: border-box; padding: 0px; margin: auto; display: block; width: 0px; height: 0px; min-width: 100%; max-width: 100%; min-height: 100%; max-height: 100%;"
            />
            <noscript />
          </span>
        </a>
        <a
          href="https://gorather.com/"
          rel="noreferrer noopener"
          target="_blank"
        >
          <span
            style="box-sizing: border-box; display: inline-block; overflow: hidden; background: none; opacity: 1; border: 0px; margin: 0px; padding: 0px; position: relative; max-width: 100%;"
          >
            <span
              style="box-sizing: border-box; display: block; background: none; opacity: 1; border: 0px; margin: 0px; padding: 0px; max-width: 100%;"
            >
              <img
                alt=""
                aria-hidden="true"
                src="data:image/svg+xml;base64,PHN2ZyB3aWR0aD0iMjcwIiBoZWlnaHQ9IjEwMiIgeG1sbnM9Imh0dHA6Ly93d3cudzMub3JnLzIwMDAvc3ZnIiB2ZXJzaW9uPSIxLjEiLz4="
                style="display: block; max-width: 100%; background: none; opacity: 1; border: 0px; margin: 0px; padding: 0px;"
              />
            </span>
            <img
              alt="Rather logo"
              data-nimg="intrinsic"
              decoding="async"
              src="data:image/gif;base64,R0lGODlhAQABAIAAAAAAAP///yH5BAEAAAAALAAAAAABAAEAAAIBRAA7"
              style="position: absolute; top: 0px; left: 0px; bottom: 0px; right: 0px; box-sizing: border-box; padding: 0px; margin: auto; display: block; width: 0px; height: 0px; min-width: 100%; max-width: 100%; min-height: 100%; max-height: 100%;"
            />
            <noscript />
          </span>
        </a>
        <a
          href="http://www.delanada.org/"
          rel="noreferrer noopener"
          target="_blank"
        >
          <span
            style="box-sizing: border-box; display: inline-block; overflow: hidden; background: none; opacity: 1; border: 0px; margin: 0px; padding: 0px; position: relative; max-width: 100%;"
          >
            <span
              style="box-sizing: border-box; display: block; background: none; opacity: 1; border: 0px; margin: 0px; padding: 0px; max-width: 100%;"
            >
              <img
                alt=""
                aria-hidden="true"
                src="data:image/svg+xml;base64,PHN2ZyB3aWR0aD0iMTIyIiBoZWlnaHQ9IjEyMiIgeG1sbnM9Imh0dHA6Ly93d3cudzMub3JnLzIwMDAvc3ZnIiB2ZXJzaW9uPSIxLjEiLz4="
                style="display: block; max-width: 100%; background: none; opacity: 1; border: 0px; margin: 0px; padding: 0px;"
              />
            </span>
            <img
              alt="De La Nada Asociación Civil logo"
              data-nimg="intrinsic"
              decoding="async"
              src="data:image/gif;base64,R0lGODlhAQABAIAAAAAAAP///yH5BAEAAAAALAAAAAABAAEAAAIBRAA7"
              style="position: absolute; top: 0px; left: 0px; bottom: 0px; right: 0px; box-sizing: border-box; padding: 0px; margin: auto; display: block; width: 0px; height: 0px; min-width: 100%; max-width: 100%; min-height: 100%; max-height: 100%;"
            />
            <noscript />
          </span>
        </a>
        <a
          href="https://merenderootromundo.wixsite.com/otromundodelviso"
          rel="noreferrer noopener"
          target="_blank"
        >
          <span
            style="box-sizing: border-box; display: inline-block; overflow: hidden; background: none; opacity: 1; border: 0px; margin: 0px; padding: 0px; position: relative; max-width: 100%;"
          >
            <span
              style="box-sizing: border-box; display: block; background: none; opacity: 1; border: 0px; margin: 0px; padding: 0px; max-width: 100%;"
            >
              <img
                alt=""
                aria-hidden="true"
                src="data:image/svg+xml;base64,PHN2ZyB3aWR0aD0iMTIyIiBoZWlnaHQ9IjEyMiIgeG1sbnM9Imh0dHA6Ly93d3cudzMub3JnLzIwMDAvc3ZnIiB2ZXJzaW9uPSIxLjEiLz4="
                style="display: block; max-width: 100%; background: none; opacity: 1; border: 0px; margin: 0px; padding: 0px;"
              />
            </span>
            <img
              alt="Otro Mundo Centro Comunitario logo"
              data-nimg="intrinsic"
              decoding="async"
              src="data:image/gif;base64,R0lGODlhAQABAIAAAAAAAP///yH5BAEAAAAALAAAAAABAAEAAAIBRAA7"
              style="position: absolute; top: 0px; left: 0px; bottom: 0px; right: 0px; box-sizing: border-box; padding: 0px; margin: auto; display: block; width: 0px; height: 0px; min-width: 100%; max-width: 100%; min-height: 100%; max-height: 100%;"
            />
            <noscript />
          </span>
        </a>
        <a
          href="https://hospicemadreteresa.org.ar"
          rel="noreferrer noopener"
          target="_blank"
        >
          <span
            style="box-sizing: border-box; display: inline-block; overflow: hidden; background: none; opacity: 1; border: 0px; margin: 0px; padding: 0px; position: relative; max-width: 100%;"
          >
            <span
              style="box-sizing: border-box; display: block; background: none; opacity: 1; border: 0px; margin: 0px; padding: 0px; max-width: 100%;"
            >
              <img
                alt=""
                aria-hidden="true"
                src="data:image/svg+xml;base64,PHN2ZyB3aWR0aD0iMTQyIiBoZWlnaHQ9IjEwMyIgeG1sbnM9Imh0dHA6Ly93d3cudzMub3JnLzIwMDAvc3ZnIiB2ZXJzaW9uPSIxLjEiLz4="
                style="display: block; max-width: 100%; background: none; opacity: 1; border: 0px; margin: 0px; padding: 0px;"
              />
            </span>
            <img
              alt="Hospice Madre Teresa logo"
              data-nimg="intrinsic"
              decoding="async"
              src="data:image/gif;base64,R0lGODlhAQABAIAAAAAAAP///yH5BAEAAAAALAAAAAABAAEAAAIBRAA7"
              style="position: absolute; top: 0px; left: 0px; bottom: 0px; right: 0px; box-sizing: border-box; padding: 0px; margin: auto; display: block; width: 0px; height: 0px; min-width: 100%; max-width: 100%; min-height: 100%; max-height: 100%;"
            />
            <noscript />
          </span>
        </a>
        <a
          href="http://adelante.org.ar/"
          rel="noreferrer noopener"
          target="_blank"
        >
          <span
            style="box-sizing: border-box; display: inline-block; overflow: hidden; background: none; opacity: 1; border: 0px; margin: 0px; padding: 0px; position: relative; max-width: 100%;"
          >
            <span
              style="box-sizing: border-box; display: block; background: none; opacity: 1; border: 0px; margin: 0px; padding: 0px; max-width: 100%;"
            >
              <img
                alt=""
                aria-hidden="true"
                src="data:image/svg+xml;base64,PHN2ZyB3aWR0aD0iMTIyIiBoZWlnaHQ9IjEyMiIgeG1sbnM9Imh0dHA6Ly93d3cudzMub3JnLzIwMDAvc3ZnIiB2ZXJzaW9uPSIxLjEiLz4="
                style="display: block; max-width: 100%; background: none; opacity: 1; border: 0px; margin: 0px; padding: 0px;"
              />
            </span>
            <img
              alt="Asociación Civil Adelante"
              data-nimg="intrinsic"
              decoding="async"
              src="data:image/gif;base64,R0lGODlhAQABAIAAAAAAAP///yH5BAEAAAAALAAAAAABAAEAAAIBRAA7"
              style="position: absolute; top: 0px; left: 0px; bottom: 0px; right: 0px; box-sizing: border-box; padding: 0px; margin: auto; display: block; width: 0px; height: 0px; min-width: 100%; max-width: 100%; min-height: 100%; max-height: 100%;"
            />
            <noscript />
          </span>
        </a>
      </section>
    </section>
    <hr
      class="c13"
    />
    <section
      class="c24"
    >
      <div
        class="c39"
      >
        <div
          class="first-element"
        >
          <span
            style="box-sizing: border-box; display: inline-block; overflow: hidden; background: none; opacity: 1; border: 0px; margin: 0px; padding: 0px; position: relative; max-width: 100%;"
          >
            <span
              style="box-sizing: border-box; display: block; background: none; opacity: 1; border: 0px; margin: 0px; padding: 0px; max-width: 100%;"
            >
              <img
                alt=""
                aria-hidden="true"
                src="data:image/svg+xml;base64,PHN2ZyB3aWR0aD0iNTAwIiBoZWlnaHQ9IjQwMCIgeG1sbnM9Imh0dHA6Ly93d3cudzMub3JnLzIwMDAvc3ZnIiB2ZXJzaW9uPSIxLjEiLz4="
                style="display: block; max-width: 100%; background: none; opacity: 1; border: 0px; margin: 0px; padding: 0px;"
              />
            </span>
            <img
              alt="Personas en contacto"
              data-nimg="intrinsic"
              decoding="async"
              src="data:image/gif;base64,R0lGODlhAQABAIAAAAAAAP///yH5BAEAAAAALAAAAAABAAEAAAIBRAA7"
              style="position: absolute; top: 0px; left: 0px; bottom: 0px; right: 0px; box-sizing: border-box; padding: 0px; margin: auto; display: block; width: 0px; height: 0px; min-width: 100%; max-width: 100%; min-height: 100%; max-height: 100%;"
            />
            <noscript />
          </span>
        </div>
        <div
          class="second-element"
        >
          <h1
            class="c17 c40"
          >
            Apoyá esta gran iniciativa
          </h1>
          <p
            class="c41"
          >
            Si formás parte de una ONG o una empresa, sumate a esta plataforma; contactate directamente para recibir con más detalle todo lo que podés hacer junto a FavForMe.
          </p>
          <p
            class="c42"
          >
            <a
              aria-label="hello@favforme.com"
              href="mailto:hello@favforme.com"
              rel="noreferrer noopener"
              target="_blank"
            >
              hello@favforme.com
            </a>
            <br />
            <a
              aria-label="+541150592054"
              href="tel:+541150592054"
              rel="noreferrer noopener"
              target="_blank"
            >
              +54 11 5059 2054
            </a>
          </p>
        </div>
      </div>
    </section>
    <hr
      class="c13"
    />
    <section
      class="c43"
    >
      <div
        class="c44"
      >
        <div>
          <a
            aria-label="Volver al inicio"
            href="#"
          >
            <span
              style="box-sizing: border-box; display: inline-block; overflow: hidden; background: none; opacity: 1; border: 0px; margin: 0px; padding: 0px; position: relative; max-width: 100%;"
            >
              <span
                style="box-sizing: border-box; display: block; background: none; opacity: 1; border: 0px; margin: 0px; padding: 0px; max-width: 100%;"
              >
                <img
                  alt=""
                  aria-hidden="true"
                  src="data:image/svg+xml;base64,PHN2ZyB3aWR0aD0iMzAwIiBoZWlnaHQ9IjU1IiB4bWxucz0iaHR0cDovL3d3dy53My5vcmcvMjAwMC9zdmciIHZlcnNpb249IjEuMSIvPg=="
                  style="display: block; max-width: 100%; background: none; opacity: 1; border: 0px; margin: 0px; padding: 0px;"
                />
              </span>
              <img
                alt="Logo FavForMe"
                data-nimg="intrinsic"
                decoding="async"
                src="data:image/gif;base64,R0lGODlhAQABAIAAAAAAAP///yH5BAEAAAAALAAAAAABAAEAAAIBRAA7"
                style="position: absolute; top: 0px; left: 0px; bottom: 0px; right: 0px; box-sizing: border-box; padding: 0px; margin: auto; display: block; width: 0px; height: 0px; min-width: 100%; max-width: 100%; min-height: 100%; max-height: 100%;"
              />
              <noscript />
            </span>
          </a>
        </div>
        <ul
          class="c45"
        >
          <li
            class="c46"
          >
            <a
              class="c47"
              href="/acciones"
            >
              Acciones
            </a>
          </li>
          <li
            class="c46"
          >
            <a
              class="c47"
              href="/nosotros"
            >
              FavForMe
            </a>
          </li>
          <li
            class="c46"
          >
            <a
              class="c47"
              href="/#brands"
            >
              Empresas
            </a>
          </li>
          <li
            class="c46"
          >
            <a
              class="c47"
            >
              Contacto
            </a>
          </li>
          <li
            class="c46"
          >
            <a
              class="c47"
              href="/terms_and_conditions"
            >
              Términos de uso
            </a>
          </li>
        </ul>
      </div>
      <div
        class="c48"
      >
        <a
          aria-label="LinkedIn"
          href="https://www.linkedin.com/company/64580065"
          rel="noreferrer noopener"
          target="_blank"
        >
          <svg
            aria-hidden="true"
            class="svg-inline--fa fa-linkedin-in fa-w-14 "
            data-icon="linkedin-in"
            data-prefix="fab"
            focusable="false"
            role="img"
            viewBox="0 0 448 512"
            xmlns="http://www.w3.org/2000/svg"
          >
            <path
              d="M100.28 448H7.4V148.9h92.88zM53.79 108.1C24.09 108.1 0 83.5 0 53.8a53.79 53.79 0 0 1 107.58 0c0 29.7-24.1 54.3-53.79 54.3zM447.9 448h-92.68V302.4c0-34.7-.7-79.2-48.29-79.2-48.29 0-55.69 37.7-55.69 76.7V448h-92.78V148.9h89.08v40.8h1.3c12.4-23.5 42.69-48.3 87.88-48.3 94 0 111.28 61.9 111.28 142.3V448z"
              fill="currentColor"
            />
          </svg>
        </a>
        <a
          aria-label="Instagram"
          href="https://www.instagram.com/favforme"
          rel="noreferrer noopener"
          target="_blank"
        >
          <svg
            aria-hidden="true"
            class="svg-inline--fa fa-instagram fa-w-14 "
            data-icon="instagram"
            data-prefix="fab"
            focusable="false"
            role="img"
            viewBox="0 0 448 512"
            xmlns="http://www.w3.org/2000/svg"
          >
            <path
              d="M224.1 141c-63.6 0-114.9 51.3-114.9 114.9s51.3 114.9 114.9 114.9S339 319.5 339 255.9 287.7 141 224.1 141zm0 189.6c-41.1 0-74.7-33.5-74.7-74.7s33.5-74.7 74.7-74.7 74.7 33.5 74.7 74.7-33.6 74.7-74.7 74.7zm146.4-194.3c0 14.9-12 26.8-26.8 26.8-14.9 0-26.8-12-26.8-26.8s12-26.8 26.8-26.8 26.8 12 26.8 26.8zm76.1 27.2c-1.7-35.9-9.9-67.7-36.2-93.9-26.2-26.2-58-34.4-93.9-36.2-37-2.1-147.9-2.1-184.9 0-35.8 1.7-67.6 9.9-93.9 36.1s-34.4 58-36.2 93.9c-2.1 37-2.1 147.9 0 184.9 1.7 35.9 9.9 67.7 36.2 93.9s58 34.4 93.9 36.2c37 2.1 147.9 2.1 184.9 0 35.9-1.7 67.7-9.9 93.9-36.2 26.2-26.2 34.4-58 36.2-93.9 2.1-37 2.1-147.8 0-184.8zM398.8 388c-7.8 19.6-22.9 34.7-42.6 42.6-29.5 11.7-99.5 9-132.1 9s-102.7 2.6-132.1-9c-19.6-7.8-34.7-22.9-42.6-42.6-11.7-29.5-9-99.5-9-132.1s-2.6-102.7 9-132.1c7.8-19.6 22.9-34.7 42.6-42.6 29.5-11.7 99.5-9 132.1-9s102.7-2.6 132.1 9c19.6 7.8 34.7 22.9 42.6 42.6 11.7 29.5 9 99.5 9 132.1s2.7 102.7-9 132.1z"
              fill="currentColor"
            />
          </svg>
        </a>
        <a
          aria-label="Facebook"
          href="https://www.facebook.com/FavForMe/"
          rel="noreferrer noopener"
          target="_blank"
        >
          <svg
            aria-hidden="true"
            class="svg-inline--fa fa-facebook fa-w-16 "
            data-icon="facebook"
            data-prefix="fab"
            focusable="false"
            role="img"
            viewBox="0 0 512 512"
            xmlns="http://www.w3.org/2000/svg"
          >
            <path
              d="M504 256C504 119 393 8 256 8S8 119 8 256c0 123.78 90.69 226.38 209.25 245V327.69h-63V256h63v-54.64c0-62.15 37-96.48 93.67-96.48 27.14 0 55.52 4.84 55.52 4.84v61h-31.28c-30.8 0-40.41 19.12-40.41 38.73V256h68.78l-11 71.69h-57.78V501C413.31 482.38 504 379.78 504 256z"
              fill="currentColor"
            />
          </svg>
        </a>
        <a
          aria-label="Twitter"
          href="https://twitter.com/FavForMe1"
          rel="noreferrer noopener"
          target="_blank"
        >
          <svg
            aria-hidden="true"
            class="svg-inline--fa fa-twitter fa-w-16 "
            data-icon="twitter"
            data-prefix="fab"
            focusable="false"
            role="img"
            viewBox="0 0 512 512"
            xmlns="http://www.w3.org/2000/svg"
          >
            <path
              d="M459.37 151.716c.325 4.548.325 9.097.325 13.645 0 138.72-105.583 298.558-298.558 298.558-59.452 0-114.68-17.219-161.137-47.106 8.447.974 16.568 1.299 25.34 1.299 49.055 0 94.213-16.568 130.274-44.832-46.132-.975-84.792-31.188-98.112-72.772 6.498.974 12.995 1.624 19.818 1.624 9.421 0 18.843-1.3 27.614-3.573-48.081-9.747-84.143-51.98-84.143-102.985v-1.299c13.969 7.797 30.214 12.67 47.431 13.319-28.264-18.843-46.781-51.005-46.781-87.391 0-19.492 5.197-37.36 14.294-52.954 51.655 63.675 129.3 105.258 216.365 109.807-1.624-7.797-2.599-15.918-2.599-24.04 0-57.828 46.782-104.934 104.934-104.934 30.213 0 57.502 12.67 76.67 33.137 23.715-4.548 46.456-13.32 66.599-25.34-7.798 24.366-24.366 44.833-46.132 57.827 21.117-2.273 41.584-8.122 60.426-16.243-14.292 20.791-32.161 39.308-52.628 54.253z"
              fill="currentColor"
            />
          </svg>
        </a>
      </div>
      <section
        class="c49"
      >
        <p>
          FavForMe 2021 - All rights reserved
        </p>
        <p
          class="credits"
        >
          Illustrations by 
          <a
            href="https://storyset.com/people"
            rel="noreferrer noopener"
            target="_blank"
          >
            Freepik Storyset
          </a>
        </p>
      </section>
    </section>
  </main>
</DocumentFragment>
`;
