// Jest Snapshot v1, https://goo.gl/fbAQLP

exports[`[Container] About us renders correctly 1`] = `
<DocumentFragment>
  .c0 {
  box-sizing: border-box;
  width: 100%;
  max-width: 1024px;
  margin-bottom: 1em;
  text-align: center;
  border-collapse: collapse;
  border-bottom: 3px solid #4f6be6;
}

.c1 {
  color: white;
  background-color: #4f6be6;
}

.c1 tr > td {
  padding: 8px;
}

.c2 {
  border-left: 3px solid #4f6be6;
  border-right: 3px solid #4f6be6;
}

.c2:first-of-type {
  border-left-width: 6px;
}

.c2:last-of-type {
  border-right-width: 6px;
}

@media (max-width:600px) {
  .c2:nth-child(2) {
    display: none;
  }
}

<table
    class="c0"
  >
    <thead
      class="c1"
    >
      <tr
        class=""
      >
        <td
          class="c2"
        >
          Fecha
        </td>
        <td
          class="c2"
        >
          Empresa / particular
        </td>
        <td
          class="c2"
        >
          Contribuidor
        </td>
        <td
          class="c2"
        >
          Total (pesos argentinos)
        </td>
      </tr>
    </thead>
    <tbody
      class=""
    >
      <tr
        class=""
      >
        <td
          class="c2"
        >
          2012/12/12
        </td>
        <td
          class="c2"
        >
          Donante particular
        </td>
        <td
          class="c2"
        >
          Anonimo/a
        </td>
        <td
          class="c2"
        >
          $100
        </td>
      </tr>
    </tbody>
  </table>
  .c0 {
  border: none;
  cursor: pointer;
  font-size: 1.5rem;
  padding: 12px 28px;
  border-radius: 64px;
  font-family: abel,sans-serif;
  -webkit-transition: background-color 300ms ease-out,color 300ms ease-out;
  transition: background-color 300ms ease-out,color 300ms ease-out;
  background-color: #4f6be6;
}

.c0 > a {
  color: inherit;
  -webkit-text-decoration: none;
  text-decoration: none;
}

.c0:disabled {
  cursor: not-allowed;
  background-color: #9BAAF6;
}

@media (max-width:600px) {

}

<button
    class="c0"
    style="display: none;"
  >
    Cargar mas
  </button>
</DocumentFragment>
`;
